\BOOKMARK [1][-]{cover.1}{\376\377\134\001\000\040\227\142}{}% 1
\BOOKMARK [1][-]{title.1}{\376\377\150\007\000\040\230\230}{}% 2
\BOOKMARK [1][-]{contents.1}{\376\377\166\356\000\040\137\125}{}% 3
\BOOKMARK [1][-]{section.1}{\376\377\0001\000\040\225\356\230\230\221\315\217\360}{}% 4
\BOOKMARK [2][-]{subsection.1.1}{\376\377\0001\000.\0001\000\040\225\356\230\230\200\314\146\157}{section.1}% 5
\BOOKMARK [2][-]{subsection.1.2}{\376\377\0001\000.\0002\000\040\225\356\230\230\143\320\121\372}{section.1}% 6
\BOOKMARK [1][-]{section.2}{\376\377\0002\000\040\152\041\127\213\120\107\213\276\116\016\173\046\123\367\213\364\146\016}{}% 7
\BOOKMARK [2][-]{subsection.2.1}{\376\377\0002\000.\0001\000\040\152\041\127\213\120\107\213\276}{section.2}% 8
\BOOKMARK [2][-]{subsection.2.2}{\376\377\0002\000.\0002\000\040\173\046\123\367\213\364\146\016}{section.2}% 9
\BOOKMARK [1][-]{section.3}{\376\377\0003\000\040\225\356\230\230\116\000\152\041\127\213\136\372\172\313\116\016\154\102\211\343}{}% 10
\BOOKMARK [2][-]{subsection.3.1}{\376\377\0003\000.\0001\000\040\225\356\230\230\122\006\147\220\116\016\152\041\127\213\136\372\172\313}{section.3}% 11
\BOOKMARK [3][-]{subsubsection.3.1.1}{\376\377\0003\000.\0001\000.\0001\000\040\145\160\143\156\147\141\116\366\116\016\122\006\153\265\133\232\116\111}{subsection.3.1}% 12
\BOOKMARK [3][-]{subsubsection.3.1.2}{\376\377\0003\000.\0001\000.\0002\000\040\172\063\120\145\134\072\136\246\116\016\217\157\142\052\145\255}{subsection.3.1}% 13
\BOOKMARK [3][-]{subsubsection.3.1.3}{\376\377\0003\000.\0001\000.\0003\000\040\137\303\165\065\117\052\217\371\166\204\173\133\220\011\147\141\116\366}{subsection.3.1}% 14
\BOOKMARK [3][-]{subsubsection.3.1.4}{\376\377\0003\000.\0001\000.\0004\000\040\147\011\145\110\211\306\211\311\124\315\136\224\116\016\146\362\176\277\142\337\124\010}{subsection.3.1}% 15
\BOOKMARK [3][-]{subsubsection.3.1.5}{\376\377\0003\000.\0001\000.\0005\000\040\176\246\147\137\147\141\116\366}{subsection.3.1}% 16
\BOOKMARK [3][-]{subsubsection.3.1.6}{\376\377\0003\000.\0001\000.\0006\000\040\120\031\220\011\145\271\154\325\153\324\217\203\116\016\116\073\145\271\154\325\225\001\133\232}{subsection.3.1}% 17
\BOOKMARK [2][-]{subsection.3.2}{\376\377\0003\000.\0002\000\040\154\102\211\343\176\323\147\234\116\016\122\006\147\220}{section.3}% 18
\BOOKMARK [3][-]{subsubsection.3.2.1}{\376\377\0003\000.\0002\000.\0001\000\040\123\273\126\152\137\072\136\246\166\204\145\117\141\037\140\047}{subsection.3.2}% 19
\BOOKMARK [3][-]{subsubsection.3.2.2}{\376\377\0003\000.\0002\000.\0002\000\040\116\073\145\271\154\325\166\204\176\337\213\241\213\301\143\156}{subsection.3.2}% 20
\BOOKMARK [3][-]{subsubsection.3.2.3}{\376\377\0003\000.\0002\000.\0003\000\040\137\303\165\065\117\052\217\371\166\204\150\070\232\214\176\323\147\234}{subsection.3.2}% 21
\BOOKMARK [3][-]{subsubsection.3.2.4}{\376\377\0003\000.\0002\000.\0004\000\040\147\011\145\110\211\306\211\311\124\315\136\224\166\204\143\320\123\326\176\323\147\234}{subsection.3.2}% 22
\BOOKMARK [3][-]{subsubsection.3.2.5}{\376\377\0003\000.\0002\000.\0005\000\040\210\114\116\072\133\146\116\000\201\364\140\047}{subsection.3.2}% 23
\BOOKMARK [3][-]{subsubsection.3.2.6}{\376\377\0003\000.\0002\000.\0006\000\040\124\315\136\224\146\362\176\277\116\016\126\376\137\142\176\323\147\234}{subsection.3.2}% 24
\BOOKMARK [3][-]{subsubsection.3.2.7}{\376\377\0003\000.\0002\000.\0007\000\040\213\276\131\007\156\344\154\342\133\371\161\147\116\016\230\230\227\142\213\272\145\255\166\204\133\232\221\317\213\301\143\156}{subsection.3.2}% 25
\BOOKMARK [1][-]{section.4}{\376\377\0004\000\040\225\356\230\230\116\214\152\041\127\213\136\372\172\313\116\016\154\102\211\343}{}% 26
\BOOKMARK [2][-]{subsection.4.1}{\376\377\0004\000.\0001\000\040\225\356\230\230\122\006\147\220\116\016\152\041\127\213\136\372\172\313}{section.4}% 27
\BOOKMARK [3][-]{subsubsection.4.1.1}{\376\377\0004\000.\0001\000.\0001\000\040\173\054\116\000\176\247\377\032\000L\000G\000N\000\040\145\366\172\172\156\344\154\342}{subsection.4.1}% 28
\BOOKMARK [3][-]{subsubsection.4.1.2}{\376\377\0004\000.\0001\000.\0002\000\040\173\054\116\214\176\247\377\032\137\142\162\266\220\011\142\351\140\047\124\315\136\224\116\016\226\144\154\325\137\122\116\000\123\026}{subsection.4.1}% 29
\BOOKMARK [3][-]{subsubsection.4.1.3}{\376\377\0004\000.\0001\000.\0003\000\040\135\346\123\363\225\134\120\317\166\204\121\340\117\125\147\145\156\220}{subsection.4.1}% 30
\BOOKMARK [3][-]{subsubsection.4.1.4}{\376\377\0004\000.\0001\000.\0004\000\040\173\054\116\011\176\247\377\032\116\313\211\302\226\306\177\244\122\250\122\233\133\146}{subsection.4.1}% 31
\BOOKMARK [3][-]{subsubsection.4.1.5}{\376\377\0004\000.\0001\000.\0005\000\040\173\054\126\333\176\247\377\032\133\217\211\302\124\014\153\145\116\016\136\217\123\302\145\160}{subsection.4.1}% 32
\BOOKMARK [3][-]{subsubsection.4.1.6}{\376\377\0004\000.\0001\000.\0006\000\040\173\054\116\224\176\247\377\032\131\064\166\256\133\374\200\124\127\072\211\302\155\113}{subsection.4.1}% 33
\BOOKMARK [3][-]{subsubsection.4.1.7}{\376\377\0004\000.\0001\000.\0007\000\040\135\346\123\363\135\356\137\002\166\204\137\142\142\020\147\072\122\066}{subsection.4.1}% 34
\BOOKMARK [3][-]{subsubsection.4.1.8}{\376\377\0004\000.\0001\000.\0008\000\040\141\142\176\364\143\001\220\032\215\357}{subsection.4.1}% 35
\BOOKMARK [3][-]{subsubsection.4.1.9}{\376\377\0004\000.\0001\000.\0009\000\040\123\072\122\006\162\171\137\201\210\150\171\072}{subsection.4.1}% 36
\BOOKMARK [3][-]{subsubsection.4.1.10}{\376\377\0004\000.\0001\000.\0001\0000\000\040\176\246\147\137\147\141\116\366}{subsection.4.1}% 37
\BOOKMARK [3][-]{subsubsection.4.1.11}{\376\377\0004\000.\0001\000.\0001\0001\000\040\120\031\220\011\145\271\154\325\153\324\217\203\116\016\116\073\145\271\154\325\225\001\133\232}{subsection.4.1}% 38
\BOOKMARK [2][-]{subsection.4.2}{\376\377\0004\000.\0002\000\040\154\102\211\343\176\323\147\234\116\016\122\006\147\220}{section.4}% 39
\BOOKMARK [3][-]{subsubsection.4.2.1}{\376\377\0004\000.\0002\000.\0001\000\040\225\134\120\317\140\047\150\300\232\214}{subsection.4.2}% 40
\BOOKMARK [3][-]{subsubsection.4.2.2}{\376\377\0004\000.\0002\000.\0002\000\040\120\117\117\247\230\204\155\113\116\016\147\072\122\066\143\250\213\272\133\371\161\147}{subsection.4.2}% 41
\BOOKMARK [3][-]{subsubsection.4.2.3}{\376\377\0004\000.\0002\000.\0003\000\040\141\142\220\032\215\357\150\007\133\232\116\016\145\366\225\364\172\227\133\371\161\147}{subsection.4.2}% 42
\BOOKMARK [3][-]{subsubsection.4.2.4}{\376\377\0004\000.\0002\000.\0004\000\040\135\346\123\363\123\072\122\006\162\171\137\201\166\204\140\047\200\375}{subsection.4.2}% 43
\BOOKMARK [3][-]{subsubsection.4.2.5}{\376\377\0004\000.\0002\000.\0005\000\040\126\376\137\142\176\323\147\234}{subsection.4.2}% 44
\BOOKMARK [3][-]{subsubsection.4.2.6}{\376\377\0004\000.\0002\000.\0006\000\040\230\171\166\356\225\364\135\356\137\002\166\204\211\343\221\312}{subsection.4.2}% 45
\BOOKMARK [1][-]{section.5}{\376\377\0005\000\040\225\356\230\230\116\011\152\041\127\213\136\372\172\313\116\016\154\102\211\343}{}% 46
\BOOKMARK [2][-]{subsection.5.1}{\376\377\0005\000.\0001\000\040\225\356\230\230\122\006\147\220\116\016\152\041\127\213\136\372\172\313}{section.5}% 47
\BOOKMARK [3][-]{subsubsection.5.1.1}{\376\377\0005\000.\0001\000.\0001\000\040\213\244\167\345\172\227\123\343\166\204\133\232\116\111}{subsection.5.1}% 48
\BOOKMARK [3][-]{subsubsection.5.1.2}{\376\377\0005\000.\0001\000.\0002\000\040\123\314\220\032\215\357\166\370\117\115\122\250\122\233\133\146}{subsection.5.1}% 49
\BOOKMARK [3][-]{subsubsection.5.1.3}{\376\377\0005\000.\0001\000.\0003\000\040\136\217\123\302\145\160\116\016\141\142\123\005\176\334}{subsection.5.1}% 50
\BOOKMARK [3][-]{subsubsection.5.1.4}{\376\377\0005\000.\0001\000.\0004\000\040\122\115\230\235\123\366\213\244\167\345\145\164\124\010}{subsection.5.1}% 51
\BOOKMARK [3][-]{subsubsection.5.1.5}{\376\377\0005\000.\0001\000.\0005\000\040\131\064\166\256\211\302\155\113}{subsection.5.1}% 52
\BOOKMARK [3][-]{subsubsection.5.1.6}{\376\377\0005\000.\0001\000.\0006\000\040\123\302\145\160\217\250\213\306}{subsection.5.1}% 53
\BOOKMARK [3][-]{subsubsection.5.1.7}{\376\377\0005\000.\0001\000.\0007\000\040\176\246\147\137\147\141\116\366}{subsection.5.1}% 54
\BOOKMARK [3][-]{subsubsection.5.1.8}{\376\377\0005\000.\0001\000.\0008\000\040\120\031\220\011\145\271\154\325\153\324\217\203\116\016\116\073\145\271\154\325\225\001\133\232}{subsection.5.1}% 55
\BOOKMARK [2][-]{subsection.5.2}{\376\377\0005\000.\0002\000\040\154\102\211\343\176\323\147\234\116\016\122\006\147\220}{section.5}% 56
\BOOKMARK [3][-]{subsubsection.5.2.1}{\376\377\0005\000.\0002\000.\0001\000\040\123\302\145\160\217\250\213\306\176\323\147\234}{subsection.5.2}% 57
\BOOKMARK [3][-]{subsubsection.5.2.2}{\376\377\0005\000.\0002\000.\0002\000\040\220\020\213\260\137\125\122\006\147\220}{subsection.5.2}% 58
\BOOKMARK [3][-]{subsubsection.5.2.3}{\376\377\0005\000.\0002\000.\0003\000\040\210\114\116\072\133\146\122\006\134\102\122\006\147\220}{subsection.5.2}% 59
\BOOKMARK [3][-]{subsubsection.5.2.4}{\376\377\0005\000.\0002\000.\0004\000\040\123\302\145\160\145\117\141\037\140\047\116\016\123\357\217\250\213\306\140\047}{subsection.5.2}% 60
\BOOKMARK [3][-]{subsubsection.5.2.5}{\376\377\0005\000.\0002\000.\0005\000\040\213\276\131\007\156\344\154\342\133\371\161\147}{subsection.5.2}% 61
\BOOKMARK [3][-]{subsubsection.5.2.6}{\376\377\0005\000.\0002\000.\0006\000\040\116\016\230\230\227\142\136\224\165\050\166\204\210\124\143\245}{subsection.5.2}% 62
\BOOKMARK [1][-]{section.6}{\376\377\0006\000\040\152\041\127\213\140\073\176\323\116\016\213\304\116\367}{}% 63
\BOOKMARK [2][-]{subsection.6.1}{\376\377\0006\000.\0001\000\040\152\041\127\213\117\030\160\271}{section.6}% 64
\BOOKMARK [2][-]{subsection.6.2}{\376\377\0006\000.\0002\000\040\152\041\127\213\134\100\226\120\116\016\145\071\217\333}{section.6}% 65
\BOOKMARK [2][-]{subsection.6.3}{\376\377\0006\000.\0003\000\040\152\041\127\213\143\250\136\177}{section.6}% 66
\BOOKMARK [1][-]{section*.33}{\376\377\123\302\200\003\145\207\163\056}{}% 67
\BOOKMARK [1][-]{appendix.1.A}{\376\377\226\104\137\125\000\040\000A\000\040\145\160\143\156\226\104\137\125}{}% 68
\BOOKMARK [2][-]{subsection.1.A.1}{\376\377\0001\000.\0001\000\040\147\011\145\110\211\306\211\311\124\315\136\224\162\171\137\201\133\214\145\164\210\150}{appendix.1.A}% 69
\BOOKMARK [2][-]{subsection.1.A.2}{\376\377\0001\000.\0002\000\040\123\302\145\160\217\250\213\306\213\357\135\356\146\362\227\142\145\160\120\074}{appendix.1.A}% 70
\BOOKMARK [2][-]{subsection.1.A.3}{\376\377\0001\000.\0003\000\040\145\160\143\156\215\050\221\317\133\214\145\164\176\337\213\241}{appendix.1.A}% 71
\BOOKMARK [1][-]{appendix.1.B}{\376\377\226\104\137\125\000\040\000B\000\040\226\104\137\125\116\343\170\001\145\207\116\366}{}% 72
\BOOKMARK [2][-]{subsection.1.B.1}{\376\377\0002\000.\0001\000\040\000e\000e\000g\000\137\000l\000i\000b\000.\000p\000y}{appendix.1.B}% 73
\BOOKMARK [2][-]{subsection.1.B.2}{\376\377\0002\000.\0002\000\040\000p\000r\000e\000p\000r\000o\000c\000e\000s\000s\000\137\000e\000e\000g\000.\000p\000y}{appendix.1.B}% 74
\BOOKMARK [2][-]{subsection.1.B.3}{\376\377\0002\000.\0003\000\040\000s\000o\000l\000v\000e\000\137\000q\0001\000.\000p\000y}{appendix.1.B}% 75
\BOOKMARK [2][-]{subsection.1.B.4}{\376\377\0002\000.\0004\000\040\000s\000o\000l\000v\000e\000\137\000q\0002\000.\000p\000y}{appendix.1.B}% 76
\BOOKMARK [2][-]{subsection.1.B.5}{\376\377\0002\000.\0005\000\040\000s\000o\000l\000v\000e\000\137\000q\0003\000.\000p\000y}{appendix.1.B}% 77
