\BOOKMARK [1][-]{cover.1}{\376\377\134\001\000\040\227\142}{}% 1
\BOOKMARK [1][-]{title.1}{\376\377\150\007\000\040\230\230}{}% 2
\BOOKMARK [1][-]{contents.1}{\376\377\166\356\000\040\137\125}{}% 3
\BOOKMARK [1][-]{section.1}{\376\377\0001\000\040\225\356\230\230\221\315\217\360}{}% 4
\BOOKMARK [2][-]{subsection.1.1}{\376\377\0001\000.\0001\000\040\225\356\230\230\200\314\146\157}{section.1}% 5
\BOOKMARK [2][-]{subsection.1.2}{\376\377\0001\000.\0002\000\040\225\356\230\230\143\320\121\372}{section.1}% 6
\BOOKMARK [2][-]{subsection.1.3}{\376\377\0001\000.\0003\000\040\145\164\117\123\154\102\211\343\215\357\176\277}{section.1}% 7
\BOOKMARK [1][-]{section.2}{\376\377\0002\000\040\152\041\127\213\120\107\213\276\116\016\173\046\123\367\213\364\146\016}{}% 8
\BOOKMARK [2][-]{subsection.2.1}{\376\377\0002\000.\0001\000\040\152\041\127\213\120\107\213\276}{section.2}% 9
\BOOKMARK [2][-]{subsection.2.2}{\376\377\0002\000.\0002\000\040\173\046\123\367\213\364\146\016}{section.2}% 10
\BOOKMARK [1][-]{section.3}{\376\377\0003\000\040\225\356\230\230\116\000\152\041\127\213\136\372\172\313\116\016\154\102\211\343}{}% 11
\BOOKMARK [2][-]{subsection.3.1}{\376\377\0003\000.\0001\000\040\225\356\230\230\122\006\147\220\116\016\136\372\152\041\140\035\215\357}{section.3}% 12
\BOOKMARK [2][-]{subsection.3.2}{\376\377\0003\000.\0002\000\040\213\241\173\227\126\376\230\204\131\004\164\006\116\016\176\323\147\204\165\073\120\317}{section.3}% 13
\BOOKMARK [2][-]{subsection.3.3}{\376\377\0003\000.\0003\000\040\145\340\163\257\122\007\122\006\152\041\127\213}{section.3}% 14
\BOOKMARK [2][-]{subsection.3.4}{\376\377\0003\000.\0004\000\040\133\120\126\376\122\006\150\070\152\041\127\213}{section.3}% 15
\BOOKMARK [2][-]{subsection.3.5}{\376\377\0003\000.\0005\000\040\154\102\211\343\173\227\154\325}{section.3}% 16
\BOOKMARK [2][-]{subsection.3.6}{\376\377\0003\000.\0006\000\040\154\102\211\343\176\323\147\234\116\016\122\006\147\220}{section.3}% 17
\BOOKMARK [1][-]{section.4}{\376\377\0004\000\040\225\356\230\230\116\214\152\041\127\213\136\372\172\313\116\016\154\102\211\343}{}% 18
\BOOKMARK [2][-]{subsection.4.1}{\376\377\0004\000.\0001\000\040\225\356\230\230\122\006\147\220\116\016\136\372\152\041\135\356\137\002}{section.4}% 19
\BOOKMARK [2][-]{subsection.4.2}{\376\377\0004\000.\0002\000\040\133\271\221\317\176\246\147\137\116\016\177\023\133\130\143\142\121\372\143\142\121\145}{section.4}% 20
\BOOKMARK [2][-]{subsection.4.3}{\376\377\0004\000.\0003\000\040\154\102\211\343\173\227\154\325}{section.4}% 21
\BOOKMARK [2][-]{subsection.4.4}{\376\377\0004\000.\0004\000\040\154\102\211\343\176\323\147\234\116\016\122\006\147\220}{section.4}% 22
\BOOKMARK [1][-]{section.5}{\376\377\0005\000\040\225\356\230\230\116\011\152\041\127\213\136\372\172\313\116\016\154\102\211\343}{}% 23
\BOOKMARK [2][-]{subsection.5.1}{\376\377\0005\000.\0001\000\040\225\356\230\230\122\006\147\220\116\016\136\372\152\041\140\035\215\357}{section.5}% 24
\BOOKMARK [2][-]{subsection.5.2}{\376\377\0005\000.\0002\000\040\124\175\116\055\163\207\152\041\127\213}{section.5}% 25
\BOOKMARK [2][-]{subsection.5.3}{\376\377\0005\000.\0003\000\040\154\102\211\343\173\227\154\325}{section.5}% 26
\BOOKMARK [2][-]{subsection.5.4}{\376\377\0005\000.\0004\000\040\154\102\211\343\176\323\147\234\116\016\122\006\147\220}{section.5}% 27
\BOOKMARK [1][-]{section.6}{\376\377\0006\000\040\152\041\127\213\140\073\176\323\116\016\213\304\116\367}{}% 28
\BOOKMARK [2][-]{subsection.6.1}{\376\377\0006\000.\0001\000\040\152\041\127\213\117\030\160\271}{section.6}% 29
\BOOKMARK [2][-]{subsection.6.2}{\376\377\0006\000.\0002\000\040\123\302\145\160\145\117\141\037\136\246\116\016\172\063\120\145\140\047\122\006\147\220}{section.6}% 30
\BOOKMARK [2][-]{subsection.6.3}{\376\377\0006\000.\0003\000\040\152\041\127\213\134\100\226\120\116\016\145\071\217\333}{section.6}% 31
\BOOKMARK [1][-]{section*.23}{\376\377\123\302\200\003\145\207\163\056}{}% 32
\BOOKMARK [1][-]{appendix.1.A}{\376\377\226\104\137\125\000\040\000A\000\040\225\356\230\230\116\000\220\020\165\050\117\213\176\323\147\234}{}% 33
\BOOKMARK [1][-]{appendix.1.B}{\376\377\226\104\137\125\000\040\000B\000\040\225\356\230\230\116\214\220\020\165\050\117\213\176\323\147\234}{}% 34
\BOOKMARK [1][-]{appendix.1.C}{\376\377\226\104\137\125\000\040\000C\000\040\225\356\230\230\116\011\220\020\165\050\117\213\176\323\147\234}{}% 35
\BOOKMARK [1][-]{appendix.1.D}{\376\377\226\104\137\125\000\040\000D\000\040\226\104\137\125\116\343\170\001\145\207\116\366}{}% 36
\BOOKMARK [2][-]{subsection.1.D.1}{\376\377\0004\000.\0001\000\040\000g\000r\000a\000p\000h\000\137\000u\000t\000i\000l\000s\000.\000p\000y}{appendix.1.D}% 37
\BOOKMARK [2][-]{subsection.1.D.2}{\376\377\0004\000.\0002\000\040\000p\000a\000r\000t\000i\000t\000i\000o\000n\000.\000p\000y}{appendix.1.D}% 38
\BOOKMARK [2][-]{subsection.1.D.3}{\376\377\0004\000.\0003\000\040\000e\000v\000a\000l\000\137\000r\000u\000n\000n\000e\000r\000.\000p\000y}{appendix.1.D}% 39
\BOOKMARK [2][-]{subsection.1.D.4}{\376\377\0004\000.\0004\000\040\000a\000g\000g\000r\000e\000g\000a\000t\000e\000\137\000r\000e\000s\000u\000l\000t\000s\000.\000p\000y}{appendix.1.D}% 40
