\BOOKMARK [1][-]{cover.1}{\376\377\134\001\000\040\227\142}{}% 1
\BOOKMARK [1][-]{title.1}{\376\377\150\007\000\040\230\230}{}% 2
\BOOKMARK [1][-]{contents.1}{\376\377\166\356\000\040\137\125}{}% 3
\BOOKMARK [1][-]{section.1}{\376\377\0001\000\040\225\356\230\230\221\315\217\360}{}% 4
\BOOKMARK [2][-]{subsection.1.1}{\376\377\0001\000.\0001\000\040\225\356\230\230\200\314\146\157}{section.1}% 5
\BOOKMARK [2][-]{subsection.1.2}{\376\377\0001\000.\0002\000\040\225\356\230\230\143\320\121\372}{section.1}% 6
\BOOKMARK [2][-]{subsection.1.3}{\376\377\0001\000.\0003\000\040\225\356\230\230\122\006\147\220}{section.1}% 7
\BOOKMARK [1][-]{section.2}{\376\377\0002\000\040\152\041\127\213\120\107\213\276\116\016\173\046\123\367\213\364\146\016}{}% 8
\BOOKMARK [2][-]{subsection.2.1}{\376\377\0002\000.\0001\000\040\152\041\127\213\120\107\213\276}{section.2}% 9
\BOOKMARK [2][-]{subsection.2.2}{\376\377\0002\000.\0002\000\040\173\046\123\367\213\364\146\016}{section.2}% 10
\BOOKMARK [1][-]{section.3}{\376\377\0003\000\040\225\356\230\230\116\000\152\041\127\213\136\372\172\313\116\016\154\102\211\343}{}% 11
\BOOKMARK [2][-]{subsection.3.1}{\376\377\0003\000.\0001\000\040\225\356\230\230\122\006\147\220\116\016\152\041\127\213\136\372\172\313}{section.3}% 12
\BOOKMARK [3][-]{subsubsection.3.1.1}{\376\377\0003\000.\0001\000.\0001\000\040\202\052\153\265\121\340\117\125\116\016\200\375\200\027\123\343\137\204}{subsection.3.1}% 13
\BOOKMARK [3][-]{subsubsection.3.1.2}{\376\377\0003\000.\0001\000.\0002\000\040\147\000\131\047\133\211\121\150\217\175\203\167}{subsection.3.1}% 14
\BOOKMARK [3][-]{subsubsection.3.1.3}{\376\377\0003\000.\0001\000.\0003\000\040\215\047\173\261\176\304\142\171\166\204\174\276\170\156\122\250\140\001\211\304\122\022}{subsection.3.1}% 15
\BOOKMARK [3][-]{subsubsection.3.1.4}{\376\377\0003\000.\0001\000.\0004\000\040\116\011\143\007\150\007\116\016\133\127\121\170\136\217\166\356\150\007}{subsection.3.1}% 16
\BOOKMARK [3][-]{subsubsection.3.1.5}{\376\377\0003\000.\0001\000.\0005\000\040\217\324\202\052\133\211\121\150\117\131\221\317\160\165\145\117\136\246\116\016\116\064\165\114\120\074}{subsection.3.1}% 17
\BOOKMARK [2][-]{subsection.3.2}{\376\377\0003\000.\0002\000\040\154\102\211\343\176\323\147\234\116\016\122\006\147\220}{section.3}% 18
\BOOKMARK [1][-]{section.4}{\376\377\0004\000\040\225\356\230\230\116\214\152\041\127\213\136\372\172\313\116\016\154\102\211\343}{}% 19
\BOOKMARK [2][-]{subsection.4.1}{\376\377\0004\000.\0001\000\040\225\356\230\230\122\006\147\220\116\016\152\041\127\213\136\372\172\313}{section.4}% 20
\BOOKMARK [3][-]{subsubsection.4.1.1}{\376\377\0004\000.\0001\000.\0001\000\040\131\032\160\271\131\032\147\266\153\041\147\266\153\041\152\041\127\213}{subsection.4.1}% 21
\BOOKMARK [3][-]{subsubsection.4.1.2}{\376\377\0004\000.\0001\000.\0002\000\040\147\072\226\037\060\001\165\065\154\140\116\016\121\105\165\065\124\150\217\154}{subsection.4.1}% 22
\BOOKMARK [3][-]{subsubsection.4.1.3}{\376\377\0004\000.\0001\000.\0003\000\040\145\366\226\120\176\246\147\137\116\016\126\333\230\171\143\007\150\007}{subsection.4.1}% 23
\BOOKMARK [3][-]{subsubsection.4.1.4}{\376\377\0004\000.\0001\000.\0004\000\040\122\006\134\102\147\204\220\040\116\016\134\100\220\350\144\034\175\042}{subsection.4.1}% 24
\BOOKMARK [2][-]{subsection.4.2}{\376\377\0004\000.\0002\000\040\154\102\211\343\176\323\147\234\116\016\122\006\147\220}{section.4}% 25
\BOOKMARK [1][-]{section.5}{\376\377\0005\000\040\225\356\230\230\116\011\152\041\127\213\136\372\172\313\116\016\154\102\211\343}{}% 26
\BOOKMARK [2][-]{subsection.5.1}{\376\377\0005\000.\0001\000\040\225\356\230\230\122\006\147\220\116\016\152\041\127\213\136\372\172\313}{section.5}% 27
\BOOKMARK [3][-]{subsubsection.5.1.1}{\376\377\0005\000.\0001\000.\0001\000\040\217\320\217\223\217\150\217\371\221\307\150\067}{subsection.5.1}% 28
\BOOKMARK [3][-]{subsubsection.5.1.2}{\376\377\0005\000.\0001\000.\0002\000\040\220\032\117\341\224\376\215\357\162\266\140\001\122\044\145\255}{subsection.5.1}% 29
\BOOKMARK [3][-]{subsubsection.5.1.3}{\376\377\0005\000.\0001\000.\0003\000\040\116\055\176\347\140\254\120\134\117\115\177\156\116\016\147\266\153\041\152\041\127\213}{subsection.5.1}% 30
\BOOKMARK [3][-]{subsubsection.5.1.4}{\376\377\0005\000.\0001\000.\0004\000\040\116\055\176\347\136\003\160\271\116\016\200\124\124\010\214\003\136\246}{subsection.5.1}% 31
\BOOKMARK [2][-]{subsection.5.2}{\376\377\0005\000.\0002\000\040\154\102\211\343\176\323\147\234\116\016\122\006\147\220}{section.5}% 32
\BOOKMARK [1][-]{section.6}{\376\377\0006\000\040\225\356\230\230\126\333\152\041\127\213\136\372\172\313\116\016\154\102\211\343}{}% 33
\BOOKMARK [2][-]{subsection.6.1}{\376\377\0006\000.\0001\000\040\225\356\230\230\122\006\147\220\116\016\152\041\127\213\136\372\172\313}{section.6}% 34
\BOOKMARK [3][-]{subsubsection.6.1.1}{\376\377\0006\000.\0001\000.\0001\000\040\124\014\147\266\153\041\137\305\230\173\124\014\176\304\166\204\121\163\174\373\126\376}{subsection.6.1}% 35
\BOOKMARK [3][-]{subsubsection.6.1.2}{\376\377\0006\000.\0001\000.\0002\000\040\116\373\122\241\122\006\123\072\147\204\220\040}{subsection.6.1}% 36
\BOOKMARK [3][-]{subsubsection.6.1.3}{\376\377\0006\000.\0001\000.\0003\000\040\176\304\121\205\162\354\172\313\215\104\156\220\150\070\173\227}{subsection.6.1}% 37
\BOOKMARK [2][-]{subsection.6.2}{\376\377\0006\000.\0002\000\040\154\102\211\343\176\323\147\234\116\016\122\006\147\220}{section.6}% 38
\BOOKMARK [1][-]{section.7}{\376\377\0007\000\040\152\041\127\213\140\073\176\323\116\016\213\304\116\367}{}% 39
\BOOKMARK [2][-]{subsection.7.1}{\376\377\0007\000.\0001\000\040\152\041\127\213\117\030\160\271}{section.7}% 40
\BOOKMARK [2][-]{subsection.7.2}{\376\377\0007\000.\0002\000\040\152\041\127\213\134\100\226\120\116\016\145\071\217\333}{section.7}% 41
\BOOKMARK [1][-]{section*.27}{\376\377\123\302\200\003\145\207\163\056}{}% 42
\BOOKMARK [1][-]{appendix.1.A}{\376\377\226\104\137\125\000\040\000A\000\040\225\356\230\230\116\000\226\104\137\125}{}% 43
\BOOKMARK [1][-]{appendix.1.B}{\376\377\226\104\137\125\000\040\000B\000\040\225\356\230\230\116\214\226\104\137\125}{}% 44
\BOOKMARK [1][-]{appendix.1.C}{\376\377\226\104\137\125\000\040\000C\000\040\225\356\230\230\116\011\226\104\137\125}{}% 45
\BOOKMARK [1][-]{appendix.1.D}{\376\377\226\104\137\125\000\040\000D\000\040\225\356\230\230\126\333\226\104\137\125}{}% 46
\BOOKMARK [1][-]{appendix.1.E}{\376\377\226\104\137\125\000\040\000E\000\040\226\104\137\125\116\343\170\001\145\207\116\366}{}% 47
\BOOKMARK [2][-]{subsection.1.E.1}{\376\377\0005\000.\0001\000\040\000c\000o\000m\000m\000o\000n\000\137\000d\000.\000p\000y}{appendix.1.E}% 48
\BOOKMARK [2][-]{subsection.1.E.2}{\376\377\0005\000.\0002\000\040\000e\000d\000a\000.\000p\000y}{appendix.1.E}% 49
\BOOKMARK [2][-]{subsection.1.E.3}{\376\377\0005\000.\0003\000\040\000s\000o\000l\000v\000e\000\137\000q\0001\000.\000p\000y}{appendix.1.E}% 50
\BOOKMARK [2][-]{subsection.1.E.4}{\376\377\0005\000.\0004\000\040\000s\000o\000l\000v\000e\000\137\000q\0002\000.\000p\000y}{appendix.1.E}% 51
\BOOKMARK [2][-]{subsection.1.E.5}{\376\377\0005\000.\0005\000\040\000s\000o\000l\000v\000e\000\137\000q\0003\000.\000p\000y}{appendix.1.E}% 52
\BOOKMARK [2][-]{subsection.1.E.6}{\376\377\0005\000.\0006\000\040\000s\000o\000l\000v\000e\000\137\000q\0004\000.\000p\000y}{appendix.1.E}% 53
\BOOKMARK [2][-]{subsection.1.E.7}{\376\377\0005\000.\0007\000\040\000s\000e\000n\000s\000i\000t\000i\000v\000i\000t\000y\000.\000p\000y}{appendix.1.E}% 54
