\BOOKMARK [1][-]{cover.1}{\376\377\134\001\000\040\227\142}{}% 1
\BOOKMARK [1][-]{title.1}{\376\377\150\007\000\040\230\230}{}% 2
\BOOKMARK [1][-]{contents.1}{\376\377\166\356\000\040\137\125}{}% 3
\BOOKMARK [1][-]{section.1}{\376\377\0001\000\040\225\356\230\230\221\315\217\360}{}% 4
\BOOKMARK [2][-]{subsection.1.1}{\376\377\0001\000.\0001\000\040\225\356\230\230\200\314\146\157}{section.1}% 5
\BOOKMARK [2][-]{subsection.1.2}{\376\377\0001\000.\0002\000\040\225\356\230\230\143\320\121\372}{section.1}% 6
\BOOKMARK [1][-]{section.2}{\376\377\0002\000\040\152\041\127\213\120\107\213\276\116\016\173\046\123\367\213\364\146\016}{}% 7
\BOOKMARK [2][-]{subsection.2.1}{\376\377\0002\000.\0001\000\040\152\041\127\213\120\107\213\276}{section.2}% 8
\BOOKMARK [2][-]{subsection.2.2}{\376\377\0002\000.\0002\000\040\173\046\123\367\213\364\146\016}{section.2}% 9
\BOOKMARK [1][-]{section.3}{\376\377\0003\000\040\225\356\230\230\116\000\152\041\127\213\136\372\172\313\116\016\154\102\211\343}{}% 10
\BOOKMARK [2][-]{subsection.3.1}{\376\377\0003\000.\0001\000\040\145\160\143\156\230\204\131\004\164\006\116\016\143\242\175\042\140\047\122\006\147\220}{section.3}% 11
\BOOKMARK [2][-]{subsection.3.2}{\376\377\0003\000.\0002\000\040\116\011\152\041\140\001\162\171\137\201\133\232\116\111\116\016\143\320\123\326}{section.3}% 12
\BOOKMARK [2][-]{subsection.3.3}{\376\377\0003\000.\0003\000\040\215\350\152\041\140\001\145\366\136\217\133\371\237\120\152\041\127\213}{section.3}% 13
\BOOKMARK [2][-]{subsection.3.4}{\376\377\0003\000.\0004\000\040\121\150\221\317\176\323\147\234\116\016\121\170\127\213\150\067\147\054\150\070\232\214}{section.3}% 14
\BOOKMARK [2][-]{subsection.3.5}{\376\377\0003\000.\0005\000\040\123\357\131\015\163\260\140\047\213\364\146\016}{section.3}% 15
\BOOKMARK [1][-]{section.4}{\376\377\0004\000\040\225\356\230\230\116\214\152\041\127\213\136\372\172\313\116\016\154\102\211\343}{}% 16
\BOOKMARK [2][-]{subsection.4.1}{\376\377\0004\000.\0001\000\040\225\356\230\230\122\006\147\220\116\016\177\072\131\061\176\323\147\204\122\073\165\073}{section.4}% 17
\BOOKMARK [2][-]{subsection.4.2}{\376\377\0004\000.\0002\000\040\234\201\150\322\207\215\124\010\152\041\127\213}{section.4}% 18
\BOOKMARK [2][-]{subsection.4.3}{\376\377\0004\000.\0003\000\040\213\255\176\303\145\271\150\110\116\016\155\210\207\215\133\236\232\214}{section.4}% 19
\BOOKMARK [2][-]{subsection.4.4}{\376\377\0004\000.\0004\000\040\177\072\131\061\174\173\127\213\060\001\117\115\177\156\116\016\145\366\225\177\166\204\211\304\137\213\122\006\147\220}{section.4}% 20
\BOOKMARK [2][-]{subsection.4.5}{\376\377\0004\000.\0005\000\040\123\302\145\160\145\117\141\037\136\246\122\006\147\220}{section.4}% 21
\BOOKMARK [2][-]{subsection.4.6}{\376\377\0004\000.\0006\000\040\226\104\116\366\0003\000\040\155\113\213\325\226\306\143\250\164\006\116\016\176\323\147\234\154\107\140\073}{section.4}% 22
\BOOKMARK [2][-]{subsection.4.7}{\376\377\0004\000.\0007\000\040\176\323\147\234\211\343\221\312\116\016\225\031\213\357\137\122\126\340}{section.4}% 23
\BOOKMARK [2][-]{subsection.4.8}{\376\377\0004\000.\0008\000\040\152\041\127\213\134\100\226\120}{section.4}% 24
\BOOKMARK [1][-]{section.5}{\376\377\0005\000\040\225\356\230\230\116\011\152\041\127\213\136\372\172\313\116\016\154\102\211\343}{}% 25
\BOOKMARK [2][-]{subsection.5.1}{\376\377\0005\000.\0001\000\040\225\356\230\230\122\006\147\220\116\016\123\357\211\343\221\312\140\047\133\232\116\111}{section.5}% 26
\BOOKMARK [2][-]{subsection.5.2}{\376\377\0005\000.\0002\000\040\116\011\134\102\123\357\211\343\221\312\207\215\124\010\152\041\127\213}{section.5}% 27
\BOOKMARK [2][-]{subsection.5.3}{\376\377\0005\000.\0003\000\040\211\343\221\312\176\323\147\234\166\204\176\337\213\241\162\171\137\201}{section.5}% 28
\BOOKMARK [2][-]{subsection.5.4}{\376\377\0005\000.\0004\000\040\213\301\143\156\133\232\117\115\166\204\147\011\145\110\140\047\150\070\133\371}{section.5}% 29
\BOOKMARK [2][-]{subsection.5.5}{\376\377\0005\000.\0005\000\040\226\104\116\366\0004\000\040\155\113\213\325\226\306\143\250\164\006\116\016\211\343\221\312\116\247\121\372}{section.5}% 30
\BOOKMARK [2][-]{subsection.5.6}{\376\377\0005\000.\0006\000\040\232\214\213\301\226\306\127\372\170\100\140\047\200\375\116\016\225\031\213\357\137\122\126\340}{section.5}% 31
\BOOKMARK [2][-]{subsection.5.7}{\376\377\0005\000.\0007\000\040\152\041\127\213\134\100\226\120}{section.5}% 32
\BOOKMARK [1][-]{section.6}{\376\377\0006\000\040\152\041\127\213\140\073\176\323\116\016\213\304\116\367}{}% 33
\BOOKMARK [2][-]{subsection.6.1}{\376\377\0006\000.\0001\000\040\152\041\127\213\117\030\160\271}{section.6}% 34
\BOOKMARK [2][-]{subsection.6.2}{\376\377\0006\000.\0002\000\040\152\041\127\213\134\100\226\120\116\016\145\071\217\333}{section.6}% 35
\BOOKMARK [1][-]{section*.28}{\376\377\123\302\200\003\145\207\163\056}{}% 36
\BOOKMARK [1][-]{appendix.1.A}{\376\377\226\104\137\125\000\040\000A\000\040\225\356\230\230\116\214\226\104\137\125}{}% 37
\BOOKMARK [1][-]{appendix.1.B}{\376\377\226\104\137\125\000\040\000B\000\040\225\356\230\230\116\011\226\104\137\125}{}% 38
\BOOKMARK [1][-]{appendix.1.C}{\376\377\226\104\137\125\000\040\000C\000\040\226\104\137\125\116\343\170\001\145\207\116\366}{}% 39
\BOOKMARK [2][-]{subsection.1.C.1}{\376\377\0003\000.\0001\000\040\000e\000x\000t\000r\000a\000c\000t\000\137\000f\000e\000a\000t\000u\000r\000e\000s\000.\000p\000y}{appendix.1.C}% 40
\BOOKMARK [2][-]{subsection.1.C.2}{\376\377\0003\000.\0002\000\040\000m\000m\000\137\000d\000a\000t\000a\000.\000p\000y}{appendix.1.C}% 41
\BOOKMARK [2][-]{subsection.1.C.3}{\376\377\0003\000.\0003\000\040\000m\000o\000d\000e\000l\000.\000p\000y}{appendix.1.C}% 42
\BOOKMARK [2][-]{subsection.1.C.4}{\376\377\0003\000.\0004\000\040\000m\000o\000d\000e\000l\000\137\000q\0003\000.\000p\000y}{appendix.1.C}% 43
